// Vitest Snapshot v1, https://vitest.dev/guide/snapshot.html

exports[`Scenario snapshot > matches deterministic default scenario seed snapshot 1`] = `
[
  {
    "angle": undefined,
    "bladeCount": 3,
    "classId": "cargo-vessel",
    "distance": undefined,
    "id": "target-01",
    "isPatrolling": false,
    "patrolRadius": 90,
    "rpm": 120,
    "speed": 0.8,
    "type": "SHIP",
    "x": -60,
    "z": 20,
  },
  {
    "angle": 2.356,
    "bladeCount": 7,
    "classId": "triumph-class",
    "distance": 45,
    "id": "target-02",
    "isPatrolling": true,
    "patrolRadius": 60,
    "rpm": 80,
    "speed": 0.3,
    "type": "SUBMARINE",
    "x": undefined,
    "z": undefined,
  },
  {
    "angle": -0.785,
    "bladeCount": null,
    "classId": null,
    "distance": 30,
    "id": "target-03",
    "isPatrolling": true,
    "patrolRadius": 30,
    "rpm": undefined,
    "speed": undefined,
    "type": "BIOLOGICAL",
    "x": undefined,
    "z": undefined,
  },
  {
    "angle": undefined,
    "bladeCount": null,
    "classId": null,
    "distance": undefined,
    "id": "target-04",
    "isPatrolling": false,
    "patrolRadius": null,
    "rpm": undefined,
    "speed": undefined,
    "type": "STATIC",
    "x": 40,
    "z": -50,
  },
  {
    "angle": 1.257,
    "bladeCount": null,
    "classId": null,
    "distance": 80,
    "id": "target-05",
    "isPatrolling": true,
    "patrolRadius": 15,
    "rpm": undefined,
    "speed": undefined,
    "type": "BIOLOGICAL",
    "x": undefined,
    "z": undefined,
  },
  {
    "angle": undefined,
    "bladeCount": null,
    "classId": null,
    "distance": undefined,
    "id": "target-06",
    "isPatrolling": false,
    "patrolRadius": null,
    "rpm": undefined,
    "speed": undefined,
    "type": "STATIC",
    "x": -90,
    "z": -30,
  },
  {
    "angle": 5.027,
    "bladeCount": 3,
    "classId": "fishery-trawler",
    "distance": 90,
    "id": "target-07",
    "isPatrolling": true,
    "patrolRadius": 80,
    "rpm": 180,
    "speed": 1.2,
    "type": "SHIP",
    "x": undefined,
    "z": undefined,
  },
  {
    "angle": 5.184,
    "bladeCount": null,
    "classId": null,
    "distance": 149.619,
    "id": "target-08",
    "isPatrolling": false,
    "patrolRadius": null,
    "rpm": undefined,
    "speed": undefined,
    "type": "STATIC",
    "x": undefined,
    "z": undefined,
  },
  {
    "angle": 6.091,
    "bladeCount": null,
    "classId": null,
    "distance": 136.875,
    "id": "target-09",
    "isPatrolling": false,
    "patrolRadius": null,
    "rpm": undefined,
    "speed": undefined,
    "type": "STATIC",
    "x": undefined,
    "z": undefined,
  },
  {
    "angle": 1.917,
    "bladeCount": 5,
    "classId": "oil-tanker",
    "distance": 86.801,
    "id": "target-10",
    "isPatrolling": true,
    "patrolRadius": 110,
    "rpm": 217.022,
    "speed": 1.146,
    "type": "SHIP",
    "x": undefined,
    "z": undefined,
  },
  {
    "angle": 0.461,
    "bladeCount": null,
    "classId": null,
    "distance": 84.365,
    "id": "target-11",
    "isPatrolling": true,
    "patrolRadius": null,
    "rpm": undefined,
    "speed": undefined,
    "type": "BIOLOGICAL",
    "x": undefined,
    "z": undefined,
  },
  {
    "angle": 0.635,
    "bladeCount": 4,
    "classId": "cargo-vessel",
    "distance": 120.268,
    "id": "target-12",
    "isPatrolling": true,
    "patrolRadius": 90,
    "rpm": 239.095,
    "speed": 1.129,
    "type": "SHIP",
    "x": undefined,
    "z": undefined,
  },
  {
    "angle": 4.28,
    "bladeCount": 5,
    "classId": "cargo-vessel",
    "distance": 30.211,
    "id": "target-13",
    "isPatrolling": true,
    "patrolRadius": 90,
    "rpm": 205.379,
    "speed": 1.097,
    "type": "SHIP",
    "x": undefined,
    "z": undefined,
  },
  {
    "angle": 5.667,
    "bladeCount": 3,
    "classId": "oil-tanker",
    "distance": 97.753,
    "id": "target-14",
    "isPatrolling": true,
    "patrolRadius": 110,
    "rpm": 139.137,
    "speed": 0.961,
    "type": "SHIP",
    "x": undefined,
    "z": undefined,
  },
  {
    "angle": 1.919,
    "bladeCount": null,
    "classId": null,
    "distance": 116.261,
    "id": "target-15",
    "isPatrolling": true,
    "patrolRadius": null,
    "rpm": undefined,
    "speed": undefined,
    "type": "BIOLOGICAL",
    "x": undefined,
    "z": undefined,
  },
]
`;
